============================= test session starts =============================
platform win32 -- Python 3.12.0, pytest-9.0.2, pluggy-1.6.0 -- D:\postulation\backend\venv\Scripts\python.exe
cachedir: .pytest_cache
rootdir: D:\postulation
plugins: anyio-4.12.0
collecting ... collected 1 item / 1 error

=================================== ERRORS ====================================
_________________ ERROR collecting backend/tests/test_main.py _________________
ImportError while importing test module 'D:\postulation\backend\tests\test_main.py'.
Hint: make sure your test modules/packages have valid Python names.
Traceback:
C:\Users\oclaz\AppData\Local\Programs\Python\Python312\Lib\importlib\__init__.py:90: in import_module
    return _bootstrap._gcd_import(name[level:], package, level)
           ^^^^^^^^^^^^^^^^^^^^^^^^^^^^^^^^^^^^^^^^^^^^^^^^^^^^
backend\tests\test_main.py:2: in <module>
    from ..main import app
E   ImportError: attempted relative import with no known parent package
=========================== short test summary info ===========================
ERROR backend/tests/test_main.py
!!!!!!!!!!!!!!!!!!! Interrupted: 1 error during collection !!!!!!!!!!!!!!!!!!!!
============================== 1 error in 1.06s ===============================
